00:00 +0: loading D:/Codecelix projects/New folder/test/providers/transcript_provider_test.dart
flutter : lib/data/repositories/supabase_transcript_repository.dart:91:25: Error: No named 
parameter with the name 'count'.
At line:1 char:1
+ flutter test test/providers/transcript_provider_test.dart > test_outp ...
+ ~~~~~~~~~~~~~~~~~~~~~~~~~~~~~~~~~~~~~~~~~~~~~~~~~~~~~~~~~~~~~~~~~~~~~
    + CategoryInfo          : NotSpecified: (lib/data/reposi...e name 'count'.:String) [],  
   RemoteException
    + FullyQualifiedErrorId : NativeCommandError
 
          .select('id', count: CountOption.exact)
                        ^^^^^
lib/data/repositories/supabase_transcript_repository.dart:157:23: Error: No named parameter 
with the name 'count'.
        .select('id', count: CountOption.exact)
                      ^^^^^
00:00 +0 -1: loading D:/Codecelix projects/New folder/test/providers/transcript_provider_test.dart [E]
  Failed to load "D:/Codecelix projects/New folder/test/providers/transcript_provider_test.dart":
  Compilation failed for testPath=D:/Codecelix projects/New folder/test/providers/transcript_provider_test.dart: lib/data/repositories/supabase_transcript_repository.dart:91:25: Error: No named parameter with the name 'count'.
            .select('id', count: CountOption.exact)
                          ^^^^^
  lib/data/repositories/supabase_transcript_repository.dart:157:23: Error: No named parameter with the name 'count'.
          .select('id', count: CountOption.exact)
                        ^^^^^
  .
00:00 +0 -1: Some tests failed.
